// Jest Snapshot v1, https://goo.gl/fbAQLP

exports[`ExampleReducer AddExamples should add the demo to the example state 1`] = `
Object {
  "examples": Object {
    "entities": Object {
      "example-1": Object {
        "description": "some full description",
        "summary": "some description",
        "title": "some title",
        "url": "example-1",
      },
      "example-2": Object {
        "description": "some other full description",
        "summary": "some other description",
        "title": "another title",
        "url": "example-2",
      },
    },
    "ids": Array [
      "example-1",
      "example-2",
    ],
    "selectedExampleUrl": null,
  },
}
`;

exports[`ExampleReducer undefined action should return the default state 1`] = `
Object {
  "examples": Object {
    "entities": Object {},
    "ids": Array [],
    "selectedExampleUrl": null,
  },
}
`;
